// Jest Snapshot v1, https://goo.gl/fbAQLP

exports[`Testing History screen against its snapshot. If there is any unexpected change in the screen, it will prompt test failed. 1`] = `
<View
  style={
    [
      {
        "backgroundColor": "#ffffff",
        "flexBasis": 0,
        "flexGrow": 1,
        "flexShrink": 1,
        "paddingBottom": 25,
        "paddingLeft": 25,
        "paddingRight": 25,
        "paddingTop": 64,
      },
    ]
  }
>
  <View>
    <View
      style={
        {
          "flexDirection": "row",
        }
      }
    >
      <View
        accessible={true}
        collapsable={false}
        focusable={false}
        onClick={[Function]}
        onResponderGrant={[Function]}
        onResponderMove={[Function]}
        onResponderRelease={[Function]}
        onResponderTerminate={[Function]}
        onResponderTerminationRequest={[Function]}
        onStartShouldSetResponder={[Function]}
        style={
          {
            "backgroundColor": "#152A5F",
            "borderRadius": 5,
            "justifyContent": "center",
            "opacity": 1,
            "paddingBottom": 10,
            "paddingLeft": 10,
            "paddingRight": 10,
            "paddingTop": 10,
          }
        }
      >
        <Text
          style={
            [
              {
                "color": "#ffffff",
                "fontSize": 16,
                "textAlign": "center",
              },
            ]
          }
        >
          &lt;
        </Text>
      </View>
      <Text
        style={
          {
            "color": "#152A5F",
            "flex": 1,
            "fontSize": 18,
            "fontWeight": "bold",
            "paddingTop": 10,
            "textAlign": "center",
          }
        }
      >
         History
      </Text>
    </View>
    <Text
      style={
        {
          "color": "blue",
          "fontSize": 15,
          "paddingTop": 15,
        }
      }
    >
      Transactions
    </Text>
  </View>
</View>
`;
