// Jest Snapshot v1, https://goo.gl/fbAQLP

exports[`Testing OrderSummary screen against its snapshot. If there is unexpected change in UI, it will prompt test failed. 1`] = `
<View
  style={
    [
      {
        "backgroundColor": "#ffffff",
        "flexBasis": 0,
        "flexGrow": 1,
        "flexShrink": 1,
        "paddingBottom": 25,
        "paddingLeft": 25,
        "paddingRight": 25,
        "paddingTop": 64,
      },
    ]
  }
>
  <View
    style={
      {
        "flexDirection": "row",
      }
    }
  >
    <View
      accessible={true}
      collapsable={false}
      focusable={false}
      onClick={[Function]}
      onResponderGrant={[Function]}
      onResponderMove={[Function]}
      onResponderRelease={[Function]}
      onResponderTerminate={[Function]}
      onResponderTerminationRequest={[Function]}
      onStartShouldSetResponder={[Function]}
      style={
        {
          "backgroundColor": "#152A5F",
          "borderRadius": 5,
          "justifyContent": "center",
          "opacity": 1,
          "paddingBottom": 10,
          "paddingLeft": 10,
          "paddingRight": 10,
          "paddingTop": 10,
        }
      }
    >
      <Text
        style={
          [
            {
              "color": "#ffffff",
              "fontSize": 16,
              "textAlign": "center",
            },
          ]
        }
      >
        &lt;
      </Text>
    </View>
    <Text
      style={
        {
          "color": "#152A5F",
          "flex": 2,
          "fontSize": 18,
          "fontWeight": "bold",
          "paddingTop": 10,
          "textAlign": "center",
        }
      }
    >
       Order Summary
    </Text>
  </View>
  <View
    style={
      {
        "flexDirection": "row",
        "marginTop": 30,
      }
    }
  >
    <Text
      style={
        {
          "width": "25%",
        }
      }
    >
      Order No:
    </Text>
    <Text>
      1
    </Text>
  </View>
  <View
    style={
      {
        "flexDirection": "row",
        "marginTop": 15,
      }
    }
  >
    <Text
      style={
        {
          "width": "25%",
        }
      }
    >
      Date:
    </Text>
    <Text>
      16/04/2023
    </Text>
  </View>
  <View
    style={
      {
        "borderBottomColor": "black",
        "borderBottomWidth": 0.5,
        "paddingTop": 10,
      }
    }
  />
  <View
    style={
      {
        "flexDirection": "row",
        "marginTop": 15,
      }
    }
  >
    <Text
      style={
        {
          "width": "25%",
        }
      }
    >
      Rate:
    </Text>
    <Text
      style={
        {
          "fontSize": 20,
          "marginTop": -5,
        }
      }
    >
      1.00
      NZD
       = 
      3.05
      BRL
    </Text>
  </View>
  <View
    style={
      {
        "borderBottomColor": "black",
        "borderBottomWidth": 0.5,
        "paddingTop": 10,
      }
    }
  />
  <View
    style={
      {
        "flexDirection": "row",
        "marginTop": 15,
      }
    }
  >
    <Text>
      Transfer Info:
    </Text>
  </View>
  <View
    style={
      {
        "flexDirection": "row",
        "marginTop": 15,
      }
    }
  >
    <Text
      style={
        {
          "width": "25%",
        }
      }
    >
      Amount:
    </Text>
    <Text
      style={
        {
          "fontSize": 20,
          "marginTop": -5,
        }
      }
    >
      350
      NZD
    </Text>
  </View>
  <View
    style={
      {
        "flexDirection": "row",
        "marginTop": 15,
      }
    }
  >
    <Text
      style={
        {
          "width": "25%",
        }
      }
    >
      Fee (1%):
    </Text>
    <Text
      style={
        {
          "fontSize": 20,
          "marginTop": -5,
        }
      }
    >
      3.50
      NZD
    </Text>
  </View>
  <View
    style={
      {
        "flexDirection": "row",
        "marginTop": 15,
      }
    }
  >
    <Text
      style={
        {
          "width": "25%",
        }
      }
    >
      Total:
    </Text>
    <Text
      style={
        {
          "fontSize": 20,
          "marginTop": -5,
        }
      }
    >
      353.50
      NZD
    </Text>
  </View>
  <View
    style={
      {
        "borderBottomColor": "black",
        "borderBottomWidth": 0.5,
        "paddingTop": 10,
      }
    }
  />
  <View
    style={
      {
        "flexDirection": "row",
        "marginTop": 15,
      }
    }
  >
    <Text
      style={
        {
          "width": "40%",
        }
      }
    >
      Total Receiver gets:
    </Text>
    <Text
      style={
        {
          "fontSize": 20,
          "marginTop": -5,
          "paddingBottom": 30,
        }
      }
    >
      1067.50
      NZD
    </Text>
  </View>
  <View
    accessible={true}
    collapsable={false}
    focusable={false}
    onClick={[Function]}
    onResponderGrant={[Function]}
    onResponderMove={[Function]}
    onResponderRelease={[Function]}
    onResponderTerminate={[Function]}
    onResponderTerminationRequest={[Function]}
    onStartShouldSetResponder={[Function]}
    style={
      {
        "backgroundColor": "#152A5F",
        "borderRadius": 5,
        "height": 60,
        "justifyContent": "center",
        "marginVertical": 5,
        "opacity": 1,
        "paddingBottom": 15,
        "paddingLeft": 15,
        "paddingRight": 15,
        "paddingTop": 15,
      }
    }
  >
    <Text
      style={
        [
          {
            "color": "#ffffff",
            "fontSize": 16,
            "textAlign": "center",
          },
        ]
      }
    >
      Continue
    </Text>
  </View>
</View>
`;

exports[`UI does not change unexpectedly 1`] = `
<View
  style={
    [
      {
        "backgroundColor": "#ffffff",
        "flexBasis": 0,
        "flexGrow": 1,
        "flexShrink": 1,
        "paddingBottom": 25,
        "paddingLeft": 25,
        "paddingRight": 25,
        "paddingTop": 64,
      },
    ]
  }
>
  <View
    style={
      {
        "flexDirection": "row",
      }
    }
  >
    <View
      accessible={true}
      collapsable={false}
      focusable={false}
      onClick={[Function]}
      onResponderGrant={[Function]}
      onResponderMove={[Function]}
      onResponderRelease={[Function]}
      onResponderTerminate={[Function]}
      onResponderTerminationRequest={[Function]}
      onStartShouldSetResponder={[Function]}
      style={
        {
          "backgroundColor": "#152A5F",
          "borderRadius": 5,
          "justifyContent": "center",
          "opacity": 1,
          "paddingBottom": 10,
          "paddingLeft": 10,
          "paddingRight": 10,
          "paddingTop": 10,
        }
      }
    >
      <Text
        style={
          [
            {
              "color": "#ffffff",
              "fontSize": 16,
              "textAlign": "center",
            },
          ]
        }
      >
        &lt;
      </Text>
    </View>
    <Text
      style={
        {
          "color": "#152A5F",
          "flex": 2,
          "fontSize": 18,
          "fontWeight": "bold",
          "paddingTop": 10,
          "textAlign": "center",
        }
      }
    >
       Order Summary
    </Text>
  </View>
  <View
    style={
      {
        "flexDirection": "row",
        "marginTop": 30,
      }
    }
  >
    <Text
      style={
        {
          "width": "25%",
        }
      }
    >
      Order No:
    </Text>
    <Text>
      1
    </Text>
  </View>
  <View
    style={
      {
        "flexDirection": "row",
        "marginTop": 15,
      }
    }
  >
    <Text
      style={
        {
          "width": "25%",
        }
      }
    >
      Date:
    </Text>
    <Text>
      16/04/2023
    </Text>
  </View>
  <View
    style={
      {
        "borderBottomColor": "black",
        "borderBottomWidth": 0.5,
        "paddingTop": 10,
      }
    }
  />
  <View
    style={
      {
        "flexDirection": "row",
        "marginTop": 15,
      }
    }
  >
    <Text
      style={
        {
          "width": "25%",
        }
      }
    >
      Rate:
    </Text>
    <Text
      style={
        {
          "fontSize": 20,
          "marginTop": -5,
        }
      }
    >
      1.00
      NZD
       = 
      3.05
      BRL
    </Text>
  </View>
  <View
    style={
      {
        "borderBottomColor": "black",
        "borderBottomWidth": 0.5,
        "paddingTop": 10,
      }
    }
  />
  <View
    style={
      {
        "flexDirection": "row",
        "marginTop": 15,
      }
    }
  >
    <Text>
      Transfer Info:
    </Text>
  </View>
  <View
    style={
      {
        "flexDirection": "row",
        "marginTop": 15,
      }
    }
  >
    <Text
      style={
        {
          "width": "25%",
        }
      }
    >
      Amount:
    </Text>
    <Text
      style={
        {
          "fontSize": 20,
          "marginTop": -5,
        }
      }
    >
      350
      NZD
    </Text>
  </View>
  <View
    style={
      {
        "flexDirection": "row",
        "marginTop": 15,
      }
    }
  >
    <Text
      style={
        {
          "width": "25%",
        }
      }
    >
      Fee (1%):
    </Text>
    <Text
      style={
        {
          "fontSize": 20,
          "marginTop": -5,
        }
      }
    >
      3.50
      NZD
    </Text>
  </View>
  <View
    style={
      {
        "flexDirection": "row",
        "marginTop": 15,
      }
    }
  >
    <Text
      style={
        {
          "width": "25%",
        }
      }
    >
      Total:
    </Text>
    <Text
      style={
        {
          "fontSize": 20,
          "marginTop": -5,
        }
      }
    >
      353.50
      NZD
    </Text>
  </View>
  <View
    style={
      {
        "borderBottomColor": "black",
        "borderBottomWidth": 0.5,
        "paddingTop": 10,
      }
    }
  />
  <View
    style={
      {
        "flexDirection": "row",
        "marginTop": 15,
      }
    }
  >
    <Text
      style={
        {
          "width": "40%",
        }
      }
    >
      Total Receiver gets:
    </Text>
    <Text
      style={
        {
          "fontSize": 20,
          "marginTop": -5,
          "paddingBottom": 30,
        }
      }
    >
      1067.50
      NZD
    </Text>
  </View>
  <View
    accessible={true}
    collapsable={false}
    focusable={false}
    onClick={[Function]}
    onResponderGrant={[Function]}
    onResponderMove={[Function]}
    onResponderRelease={[Function]}
    onResponderTerminate={[Function]}
    onResponderTerminationRequest={[Function]}
    onStartShouldSetResponder={[Function]}
    style={
      {
        "backgroundColor": "#152A5F",
        "borderRadius": 5,
        "height": 60,
        "justifyContent": "center",
        "marginVertical": 5,
        "opacity": 1,
        "paddingBottom": 15,
        "paddingLeft": 15,
        "paddingRight": 15,
        "paddingTop": 15,
      }
    }
  >
    <Text
      style={
        [
          {
            "color": "#ffffff",
            "fontSize": 16,
            "textAlign": "center",
          },
        ]
      }
    >
      Continue
    </Text>
  </View>
</View>
`;
