// Jest Snapshot v1, https://goo.gl/fbAQLP

exports[`Testing ReceiverDetails screen against its snapshot. If there is any unexpected change in the screen, it will prompt test failed. 1`] = `
<View
  style={
    [
      {
        "backgroundColor": "#ffffff",
        "flexBasis": 0,
        "flexGrow": 1,
        "flexShrink": 1,
        "paddingBottom": 25,
        "paddingLeft": 25,
        "paddingRight": 25,
        "paddingTop": 64,
      },
    ]
  }
>
  <View
    style={
      {
        "flexDirection": "row",
      }
    }
  >
    <View
      accessible={true}
      collapsable={false}
      focusable={false}
      onClick={[Function]}
      onResponderGrant={[Function]}
      onResponderMove={[Function]}
      onResponderRelease={[Function]}
      onResponderTerminate={[Function]}
      onResponderTerminationRequest={[Function]}
      onStartShouldSetResponder={[Function]}
      style={
        {
          "backgroundColor": "#152A5F",
          "borderRadius": 5,
          "justifyContent": "center",
          "opacity": 1,
          "paddingBottom": 10,
          "paddingLeft": 10,
          "paddingRight": 10,
          "paddingTop": 10,
        }
      }
    >
      <Text
        style={
          [
            {
              "color": "#ffffff",
              "fontSize": 16,
              "textAlign": "center",
            },
          ]
        }
      >
        &lt;
      </Text>
    </View>
    <Text
      style={
        {
          "color": "#152A5F",
          "flex": 2,
          "fontSize": 18,
          "fontWeight": "bold",
          "paddingTop": 10,
          "textAlign": "center",
        }
      }
    >
       Receiver Details
    </Text>
  </View>
  <View
    style={
      {
        "flexDirection": "row",
        "marginTop": 30,
      }
    }
  >
    <Text
      style={
        {
          "width": "25%",
        }
      }
    >
      Name:
    </Text>
    <Text>
      John
       
       
      Dear
    </Text>
  </View>
  <View
    style={
      {
        "flexDirection": "row",
        "marginTop": 15,
      }
    }
  >
    <Text
      style={
        {
          "width": "25%",
        }
      }
    >
      Account No:
    </Text>
    <Text>
      07-111111111111111-02
    </Text>
  </View>
  <View
    style={
      {
        "flexDirection": "row",
        "marginTop": 15,
      }
    }
  >
    <Text
      style={
        {
          "width": "25%",
        }
      }
    >
      Address:
    </Text>
    <Text
      style={
        {
          "paddingRight": "15%",
        }
      }
    >
      10 Martin Road, Manurewa, Auckland 2102
    </Text>
  </View>
  <View
    style={
      {
        "flexDirection": "row",
        "marginTop": 15,
      }
    }
  >
    <Text
      style={
        {
          "width": "25%",
        }
      }
    >
      Email:
    </Text>
    <Text>
      john_deer@gmail.com
    </Text>
  </View>
  <View
    style={
      {
        "flexDirection": "row",
        "marginTop": 15,
      }
    }
  >
    <Text
      style={
        {
          "width": "25%",
        }
      }
    >
      Swift Code:
    </Text>
    <Text
      style={
        {
          "paddingBottom": 30,
        }
      }
    >
      012
    </Text>
  </View>
  <View
    accessible={true}
    collapsable={false}
    focusable={false}
    onClick={[Function]}
    onResponderGrant={[Function]}
    onResponderMove={[Function]}
    onResponderRelease={[Function]}
    onResponderTerminate={[Function]}
    onResponderTerminationRequest={[Function]}
    onStartShouldSetResponder={[Function]}
    style={
      {
        "backgroundColor": "#152A5F",
        "borderRadius": 5,
        "height": 60,
        "justifyContent": "center",
        "marginVertical": 5,
        "opacity": 1,
        "paddingBottom": 15,
        "paddingLeft": 15,
        "paddingRight": 15,
        "paddingTop": 15,
      }
    }
  >
    <Text
      style={
        [
          {
            "color": "#ffffff",
            "fontSize": 16,
            "textAlign": "center",
          },
        ]
      }
    >
      Continue
    </Text>
  </View>
</View>
`;
